2026-07-16 09:01:26 INFO InventoryModule Email sent successfully
2026-07-16 09:01:59 INFO DatabaseModule User profile updated
2026-07-16 09:02:15 INFO LoginModule User login successful
2026-07-16 09:02:31 INFO LoginModule User profile updated
2026-07-16 09:03:01 WARNING NotificationModule High memory usage
2026-07-16 09:04:03 INFO LoginModule Order created successfully
2026-07-16 09:05:37 INFO InventoryModule Order created successfully
2026-07-16 09:06:09 DEBUG OrderModule Variable initialized
2026-07-16 09:06:25 INFO OrderModule Payment completed
2026-07-16 09:07:47 INFO LoginModule Cache refreshed
2026-07-16 09:09:00 INFO NotificationModule Database connection established
2026-07-16 09:10:15 INFO OrderModule Notification delivered
2026-07-16 09:10:44 WARNING LoginModule High memory usage
2026-07-16 09:12:27 INFO DatabaseModule Email sent successfully
2026-07-16 09:14:22 INFO InventoryModule Cache refreshed
2026-07-16 09:15:48 ERROR PaymentModule Inventory synchronization failed
2026-07-16 09:16:38 INFO InventoryModule Database connection established
2026-07-16 09:18:00 WARNING EmailModule Multiple failed login attempts
2026-07-16 09:19:04 INFO EmailModule Payment completed
2026-07-16 09:20:56 WARNING LoginModule High memory usage
2026-07-16 09:22:46 INFO OrderModule Session started
2026-07-16 09:23:25 INFO OrderModule Email sent successfully
2026-07-16 09:24:53 INFO AuthModule Order created successfully
2026-07-16 09:25:31 INFO InventoryModule Notification delivered
2026-07-16 09:26:30 ERROR NotificationModule Inventory synchronization failed
2026-07-16 09:27:03 DEBUG PaymentModule Debug checkpoint reached
2026-07-16 09:28:11 INFO LoginModule Database connection established
2026-07-16 09:28:35 WARNING NotificationModule Low inventory detected
2026-07-16 09:29:29 INFO AuthModule User profile updated
2026-07-16 09:30:06 DEBUG LoginModule Variable initialized
2026-07-16 09:31:38 ERROR InventoryModule Inventory synchronization failed
2026-07-16 09:31:57 INFO PaymentModule Cache refreshed
2026-07-16 09:32:02 DEBUG InventoryModule Debug checkpoint reached
2026-07-16 09:33:44 INFO DatabaseModule Inventory updated
2026-07-16 09:35:36 WARNING EmailModule Multiple failed login attempts
2026-07-16 09:36:28 WARNING LoginModule Email delivery delayed
2026-07-16 09:37:35 INFO OrderModule Inventory updated
2026-07-16 09:38:10 INFO DatabaseModule Database connection established
2026-07-16 09:39:48 INFO DatabaseModule User profile updated
2026-07-16 09:41:31 INFO AuthModule User profile updated
2026-07-16 09:41:57 INFO NotificationModule Email sent successfully
2026-07-16 09:43:11 WARNING EmailModule API response delayed
2026-07-16 09:44:07 DEBUG OrderModule Configuration loaded
2026-07-16 09:46:07 INFO DatabaseModule Email sent successfully
2026-07-16 09:46:40 INFO LoginModule Notification delivered
2026-07-16 09:47:55 INFO EmailModule User login successful
2026-07-16 09:48:09 WARNING LoginModule High memory usage
2026-07-16 09:48:22 ERROR OrderModule Payment transaction failed
2026-07-16 09:49:32 INFO AuthModule Email sent successfully
2026-07-16 09:50:46 INFO AuthModule Email sent successfully
2026-07-16 09:52:31 INFO NotificationModule Email sent successfully
2026-07-16 09:52:48 INFO NotificationModule Payment completed
2026-07-16 09:53:47 INFO LoginModule Database connection established
2026-07-16 09:53:59 INFO OrderModule Database connection established
2026-07-16 09:54:35 INFO AuthModule Order created successfully
2026-07-16 09:55:34 INFO AuthModule Email sent successfully
2026-07-16 09:57:30 ERROR AuthModule Disk write failure
2026-07-16 09:57:47 INFO LoginModule Database connection established
2026-07-16 09:59:28 ERROR PaymentModule Null pointer exception
2026-07-16 10:00:35 INFO NotificationModule User login successful
2026-07-16 10:01:01 INFO NotificationModule Inventory updated
2026-07-16 10:02:46 WARNING InventoryModule Session nearing expiration
2026-07-16 10:04:20 DEBUG AuthModule Function entered
2026-07-16 10:04:49 INFO LoginModule Notification delivered
2026-07-16 10:06:28 INFO OrderModule User login successful
2026-07-16 10:06:39 INFO PaymentModule User login successful
2026-07-16 10:07:49 INFO PaymentModule Database connection established
2026-07-16 10:09:10 INFO EmailModule Session started
2026-07-16 10:09:30 ERROR EmailModule API request failed
2026-07-16 10:10:51 INFO DatabaseModule Session started
2026-07-16 10:12:20 INFO OrderModule Inventory updated
2026-07-16 10:12:51 WARNING OrderModule High memory usage
2026-07-16 10:13:29 INFO InventoryModule Cache refreshed
2026-07-16 10:14:14 ERROR DatabaseModule Database connection timeout
2026-07-16 10:15:17 WARNING DatabaseModule Low inventory detected
2026-07-16 10:16:30 INFO InventoryModule Order created successfully
2026-07-16 10:17:19 ERROR EmailModule Inventory synchronization failed
2026-07-16 10:18:00 INFO InventoryModule Notification delivered
2026-07-16 10:19:48 WARNING LoginModule API response delayed
2026-07-16 10:21:17 INFO PaymentModule Inventory updated
2026-07-16 10:21:36 ERROR PaymentModule Order processing failed
2026-07-16 10:22:17 WARNING OrderModule High memory usage
2026-07-16 10:23:49 WARNING InventoryModule Payment gateway response slow
2026-07-16 10:24:26 ERROR LoginModule Payment transaction failed
2026-07-16 10:25:52 INFO InventoryModule User login successful
2026-07-16 10:25:57 INFO PaymentModule Inventory updated
2026-07-16 10:26:22 WARNING NotificationModule Slow database response
2026-07-16 10:26:41 INFO PaymentModule User profile updated
2026-07-16 10:26:50 ERROR PaymentModule Null pointer exception
2026-07-16 10:27:11 INFO OrderModule User login successful
2026-07-16 10:29:11 INFO EmailModule Database connection established
2026-07-16 10:30:01 WARNING NotificationModule Multiple failed login attempts
2026-07-16 10:30:36 ERROR PaymentModule Null pointer exception
2026-07-16 10:30:44 INFO OrderModule Session started
2026-07-16 10:32:31 WARNING EmailModule API response delayed
2026-07-16 10:32:56 WARNING DatabaseModule Session nearing expiration
2026-07-16 10:34:52 INFO AuthModule Email sent successfully
2026-07-16 10:35:22 ERROR AuthModule Inventory synchronization failed
2026-07-16 10:36:06 ERROR EmailModule Email service unavailable
2026-07-16 10:36:14 WARNING NotificationModule Email delivery delayed
2026-07-16 10:36:54 ERROR InventoryModule Inventory synchronization failed
2026-07-16 10:38:21 INFO OrderModule User login successful
2026-07-16 10:38:40 ERROR InventoryModule Authentication failed
2026-07-16 10:39:59 DEBUG InventoryModule Variable initialized
2026-07-16 10:40:17 INFO OrderModule Payment completed
2026-07-16 10:41:17 WARNING DatabaseModule Session nearing expiration
2026-07-16 10:43:17 INFO InventoryModule User login successful
2026-07-16 10:44:52 INFO EmailModule Payment completed
2026-07-16 10:45:52 INFO OrderModule Notification delivered
2026-07-16 10:46:37 WARNING DatabaseModule API response delayed
2026-07-16 10:47:46 INFO NotificationModule Payment completed
2026-07-16 10:48:42 WARNING PaymentModule High memory usage
2026-07-16 10:49:40 WARNING NotificationModule Multiple failed login attempts
2026-07-16 10:51:03 INFO NotificationModule User profile updated
2026-07-16 10:52:54 INFO InventoryModule Email sent successfully
2026-07-16 10:53:54 WARNING OrderModule Payment gateway response slow
2026-07-16 10:54:55 INFO EmailModule User profile updated
2026-07-16 10:56:00 WARNING PaymentModule Low inventory detected
2026-07-16 10:56:41 INFO OrderModule Database connection established
2026-07-16 10:58:30 DEBUG EmailModule SQL query executed
2026-07-16 10:59:03 ERROR PaymentModule Database connection timeout
2026-07-16 10:59:13 INFO AuthModule Notification delivered
2026-07-16 11:01:06 WARNING AuthModule Session nearing expiration
2026-07-16 11:03:04 WARNING EmailModule Session nearing expiration
2026-07-16 11:04:12 INFO PaymentModule User login successful
2026-07-16 11:06:11 WARNING DatabaseModule Session nearing expiration
2026-07-16 11:06:44 INFO AuthModule User login successful
2026-07-16 11:08:00 INFO DatabaseModule Cache refreshed
2026-07-16 11:08:22 ERROR OrderModule Access denied
2026-07-16 11:09:45 ERROR NotificationModule Disk write failure
2026-07-16 11:10:47 ERROR AuthModule Access denied
2026-07-16 11:11:25 WARNING InventoryModule Payment gateway response slow
2026-07-16 11:12:50 INFO AuthModule Database connection established
2026-07-16 11:14:26 INFO InventoryModule Payment completed
2026-07-16 11:15:11 ERROR DatabaseModule Authentication failed
2026-07-16 11:15:35 INFO PaymentModule Email sent successfully
2026-07-16 11:15:48 INFO OrderModule User profile updated
2026-07-16 11:16:52 INFO EmailModule Session started
2026-07-16 11:17:46 ERROR LoginModule API request failed
2026-07-16 11:18:39 INFO OrderModule Inventory updated
2026-07-16 11:20:20 INFO NotificationModule User profile updated
2026-07-16 11:22:00 WARNING EmailModule Payment gateway response slow
2026-07-16 11:22:33 INFO AuthModule User login successful
2026-07-16 11:23:27 INFO NotificationModule Order created successfully
2026-07-16 11:25:19 INFO PaymentModule Notification delivered
2026-07-16 11:26:32 INFO NotificationModule Notification delivered
2026-07-16 11:27:49 WARNING DatabaseModule Session nearing expiration
2026-07-16 11:28:11 ERROR PaymentModule Database connection timeout
2026-07-16 11:28:49 INFO EmailModule Cache refreshed
2026-07-16 11:29:35 INFO NotificationModule Inventory updated
2026-07-16 11:31:16 DEBUG NotificationModule SQL query executed
2026-07-16 11:33:07 INFO LoginModule User profile updated
2026-07-16 11:33:18 DEBUG OrderModule Function entered
2026-07-16 11:34:46 INFO LoginModule User login successful
2026-07-16 11:35:22 INFO LoginModule Notification delivered
2026-07-16 11:35:46 INFO AuthModule Database connection established
2026-07-16 11:37:03 ERROR AuthModule Order processing failed
2026-07-16 11:38:46 INFO DatabaseModule Order created successfully
2026-07-16 11:39:30 INFO LoginModule Inventory updated
2026-07-16 11:40:48 WARNING NotificationModule Session nearing expiration
2026-07-16 11:42:24 INFO EmailModule Database connection established
2026-07-16 11:43:58 WARNING DatabaseModule Slow database response
2026-07-16 11:44:47 INFO OrderModule Database connection established
2026-07-16 11:45:56 WARNING LoginModule Session nearing expiration
2026-07-16 11:47:46 INFO NotificationModule Payment completed
2026-07-16 11:49:12 ERROR AuthModule Authentication failed
2026-07-16 11:50:12 INFO InventoryModule Notification delivered
2026-07-16 11:52:00 ERROR AuthModule Access denied
2026-07-16 11:53:00 ERROR InventoryModule Inventory synchronization failed
2026-07-16 11:54:54 INFO DatabaseModule Inventory updated
2026-07-16 11:56:51 INFO AuthModule Notification delivered
2026-07-16 11:58:14 WARNING OrderModule Slow database response
2026-07-16 11:59:22 ERROR PaymentModule Access denied
2026-07-16 11:59:54 INFO InventoryModule Payment completed
2026-07-16 12:00:34 ERROR InventoryModule Disk write failure
2026-07-16 12:00:40 INFO EmailModule Database connection established
2026-07-16 12:01:15 WARNING AuthModule High memory usage
2026-07-16 12:02:48 INFO AuthModule Cache refreshed
2026-07-16 12:04:34 INFO InventoryModule Email sent successfully
2026-07-16 12:05:30 WARNING InventoryModule Email delivery delayed
2026-07-16 12:06:35 INFO OrderModule Session started
2026-07-16 12:08:15 INFO OrderModule Cache refreshed
2026-07-16 12:08:54 INFO EmailModule Database connection established
2026-07-16 12:10:31 INFO DatabaseModule User profile updated
2026-07-16 12:12:13 WARNING EmailModule High memory usage
2026-07-16 12:13:52 INFO InventoryModule Database connection established
2026-07-16 12:15:43 INFO EmailModule Payment completed
2026-07-16 12:16:10 INFO PaymentModule Inventory updated
2026-07-16 12:16:20 DEBUG InventoryModule Function entered
2026-07-16 12:17:46 ERROR AuthModule Payment transaction failed
2026-07-16 12:19:42 INFO InventoryModule Cache refreshed
2026-07-16 12:20:48 INFO PaymentModule User login successful
2026-07-16 12:21:25 ERROR AuthModule Payment transaction failed
2026-07-16 12:23:15 INFO AuthModule Database connection established
2026-07-16 12:24:33 WARNING LoginModule Multiple failed login attempts
2026-07-16 12:24:57 ERROR InventoryModule Payment transaction failed
2026-07-16 12:25:33 INFO NotificationModule Notification delivered
2026-07-16 12:26:54 WARNING EmailModule Session nearing expiration
2026-07-16 12:27:56 ERROR InventoryModule API request failed
2026-07-16 12:28:55 INFO LoginModule Notification delivered
